// Jest Snapshot v1, https://goo.gl/fbAQLP

exports[`Testing Counter Component should render correctly 1`] = `
"<div>
  <h2>
    Você tem 
    10
     counters.
  </h2>
</div>"
`;

exports[`Testing Counter Component should render correctly 2`] = `
"<div>
  <h2>
    Você tem 
    20
     counters.
  </h2>
</div>"
`;
